[technext.github.io/electro/index.html]
[backblue.gif]
[fade.gif]
[index.html]
[technext.github.io/electro/css/bootstrap.min.css]
[technext.github.io/electro/css/slick.css]
[technext.github.io/electro/css/slick-theme.css]
[technext.github.io/electro/css/nouislider.min.css]
[technext.github.io/electro/css/font-awesome.min.css]
[technext.github.io/electro/css/style.css]
[technext.github.io/electro/img/logo.png]
[technext.github.io/electro/img/product01.png]
[technext.github.io/electro/img/product02.png]
[technext.github.io/electro/img/shop01.png]
[technext.github.io/electro/img/shop03.png]
[technext.github.io/electro/img/shop02.png]
[technext.github.io/electro/img/product03.png]
[technext.github.io/electro/img/product04.png]
[technext.github.io/electro/img/product05.png]
[technext.github.io/electro/img/product06.png]
[technext.github.io/electro/img/product07.png]
[technext.github.io/electro/img/product08.png]
[technext.github.io/electro/img/product09.png]
[technext.github.io/electro/js/jquery.min.js]
[technext.github.io/electro/js/bootstrap.min.js]
[technext.github.io/electro/js/slick.min.js]
[technext.github.io/electro/js/nouislider.min.js]
[technext.github.io/electro/js/jquery.zoom.min.js]
[technext.github.io/electro/js/main.js]
[technext.github.io/electro/index.html]
[technext.github.io/electro/fonts/glyphicons-halflings-regular.eot]
[technext.github.io/electro/fonts/glyphicons-halflings-regulard41d.eot]
[technext.github.io/electro/fonts/glyphicons-halflings-regular.woff2]
[technext.github.io/electro/fonts/glyphicons-halflings-regular.woff]
[technext.github.io/electro/fonts/glyphicons-halflings-regular.ttf]
[technext.github.io/electro/fonts/glyphicons-halflings-regular.svg]
[technext.github.io/electro/css/bootstrap.min.css]
[technext.github.io/electro/css/slick.css]
[technext.github.io/electro/css/ajax-loader.gif]
[technext.github.io/electro/css/fonts/slick.eot]
[technext.github.io/electro/css/fonts/slickd41d.eot]
[technext.github.io/electro/css/fonts/slick.woff]
[technext.github.io/electro/css/fonts/slick.ttf]
[technext.github.io/electro/css/fonts/slick.svg]
[technext.github.io/electro/css/slick-theme.css]
[technext.github.io/electro/css/nouislider.min.css]
[technext.github.io/electro/fonts/fontawesome-webfont3e6e.eot]
[technext.github.io/electro/fonts/fontawesome-webfontd41d.eot]
[technext.github.io/electro/fonts/fontawesome-webfont3e6e.woff2]
[technext.github.io/electro/fonts/fontawesome-webfont3e6e.woff]
[technext.github.io/electro/fonts/fontawesome-webfont3e6e.ttf]
[technext.github.io/electro/css/font-awesome.min.css]
[technext.github.io/electro/fonts/fontawesome-webfont3e6e.svg]
[technext.github.io/electro/img/hotdeal.png]
[technext.github.io/electro/css/style.css]
[technext.github.io/electro/fonts/glyphicons-halflings-regular.html]
[technext.github.io/electro/fonts/glyphicons-halflings-regulard41d.html]
[technext.github.io/electro/fonts/glyphicons-halflings-regular-2.html]
[technext.github.io/electro/fonts/glyphicons-halflings-regular-3.html]
[technext.github.io/electro/fonts/glyphicons-halflings-regular-4.html]
[technext.github.io/electro/fonts/glyphicons-halflings-regular-5.html]
[technext.github.io/electro/css/ajax-loader.html]
[technext.github.io/electro/css/fonts/slick.html]
[technext.github.io/electro/css/fonts/slickd41d.html]
[technext.github.io/electro/css/fonts/slick-2.html]
[technext.github.io/electro/css/fonts/slick-3.html]
[technext.github.io/electro/css/fonts/slick-4.html]
[technext.github.io/electro/fonts/fontawesome-webfont3e6e.svg]
